// Jest Snapshot v1, https://goo.gl/fbAQLP

exports[`error path trace should return trace for failed state should show an error path trace: error path trace 1`] = `
"test error
Path:
	State: [92m\\"first\\" [39m
	Event: [32m{\\"type\\":\\"NEXT\\"}[39m

	State: [92m\\"second\\" [39m
	Event: [32m{\\"type\\":\\"NEXT\\"}[39m

	State: [31m\\"third\\" [39m"
`;
